================================================================================
PIPELINE D'AUTOMATISATION ÔÇö AJOUT DE PREUVE AU D├ëP├öT L├ëGAL
Cour du Qu├®bec, Chambre criminelle et p├®nale ÔÇö District de Qu├®bec
================================================================================

[1/6] Lecture du document source : C:\Users\thomasphiliippesavar\.cline\data\workspaces\chat\pipeline-depot-legal\Dependence_Pipeline\README_LEGAL_source.docx
      70 paragraphes extraits.

[2/6] Mise ├á jour du sch├®ma neuronal SQLite : C:\Users\thomasphiliippesavar\.cline\data\workspaces\chat\pipeline-depot-legal\Pipeline\depot_legal.db

[3/6] V├®rification et pr├®paration des pi├¿ces de preuve (dossier Preuve/)
      ├ó┼ôÔÇ£ lettre_docx     : C:\Users\thomasphiliippesavar\.cline\data\workspaces\chat\pipeline-depot-legal\Preuve\lettre_refus.docx
      ├ó┼ôÔÇ£ article_pdf     : C:\Users\thomasphiliippesavar\.cline\data\workspaces\chat\pipeline-depot-legal\Preuve\Geometrie_du_Spectre_des_Nombres_Premiers_2026.pdf
      ├ó┼ôÔÇ£ lettre_pdf      : C:\Users\thomasphiliippesavar\.cline\data\workspaces\chat\pipeline-depot-legal\Preuve\lettre_refus.pdf

[4/6] G├®n├®ration du document LaTeX conforme
      Moteur LaTeX s├®lectionn├® : xelatex
      Fichier .tex ├®crit : C:\Users\thomasphiliippesavar\.cline\data\workspaces\chat\pipeline-depot-legal\Demande_ajout_depot_legal\demande_ajout_preuve.tex (18371 caract├¿res)

[5/6] Compilation PDF via xelatex
      Ô£ô Demande PDF g├®n├®r├®e : C:\Users\thomasphiliippesavar\.cline\data\workspaces\chat\pipeline-depot-legal\Demande_ajout_depot_legal\demande_ajout_preuve.pdf
      Assemblage du dossier complet avec pi├¿ces et intercalairesÔÇª
      Ô£ô Dossier complet reli├® : C:\Users\thomasphiliippesavar\.cline\data\workspaces\chat\pipeline-depot-legal\Demande_ajout_depot_legal\Dossier_complet_demande_depot_legal_LVSEV25000954.pdf

[6/6] ├ëvaluation de la conformit├® l├®gale et rapport d'audit
      Ô£ô Rapport d'audit g├®n├®r├® : C:\Users\thomasphiliippesavar\.cline\data\workspaces\chat\pipeline-depot-legal\Demande_ajout_depot_legal\rapport_conformite.md

================================================================================
BILAN DE L'EX├ëCUTION :
  * Conformit├® globale : 18/18 exigences satisfaites
  * Non satisfaites    : 0
  * Demande PDF        : OK
  * Dossier complet    : OK
  * Rapport            : C:\Users\thomasphiliippesavar\.cline\data\workspaces\chat\pipeline-depot-legal\Demande_ajout_depot_legal\rapport_conformite.md
================================================================================
